0c 00 60 00 28 0a 60 22 e0 00 8d 06 01 00 00 00
0c 00 80 00 28 0a 80 22 5c 00 00 06 1f 00 00 00
0c 00 60 02 20 1a 00 20 00 40 00 0e 0f 00 00 00
0c 00 80 02 20 1a 00 20 00 40 00 0e 0f 00 00 00
0c 00 60 00 28 1a 40 20 00 40 00 0e 0f 00 00 00
0c 00 80 00 28 1a 40 20 00 40 00 0e 0f 00 00 00
