05 01 60 00 21 1c 28 21 2f 01 6f 00 00 ff 07 00
05 01 60 00 a5 1c a1 20 a0 00 60 00 01 00 00 00
05 00 60 00 a5 1c a0 20 c0 00 8d 00 01 00 00 00
05 20 80 00 a5 1c c0 21 80 01 8d 00 01 00 00 00
05 00 60 00 25 1c 40 20 40 00 8d 00 01 00 00 00
05 01 60 02 24 1c 01 20 20 01 60 00 01 00 00 00
05 00 60 02 24 1c 00 20 00 01 8d 00 01 00 00 00
05 00 60 00 21 0c 00 21 50 00 00 00 00 00 00 80
05 20 80 02 24 1c 00 20 80 01 8d 00 01 00 00 00
05 20 80 00 21 0c 80 21 50 00 00 00 00 00 00 80
05 20 80 00 25 1c c0 20 80 00 8d 00 01 00 00 00
05 00 60 00 21 04 40 20 80 00 8d 00 60 00 8d 00
05 20 80 00 21 04 c0 20 00 01 8d 00 80 00 8d 00
05 01 60 00 21 0c 21 22 20 00 00 00 00 00 00 80
05 01 60 00 21 04 e1 25 00 06 60 00 e0 05 60 00
05 02 00 00 01 0d 00 21 00 06 00 00 0f 00 00 00
05 00 60 02 a5 1c e0 20 e0 00 8d 00 01 00 00 00
05 20 80 02 a5 1c c0 21 00 01 8d 00 01 00 00 00
05 01 60 00 25 1c 61 20 60 00 60 00 01 00 00 00
05 00 00 02 20 0c 00 20 38 00 00 00 00 00 00 04
