0c 00 60 02 a4 1c 00 20 38 40 00 00 1f 00 00 00
0c 20 80 02 a4 1c 00 20 38 40 00 00 1f 00 00 00
0c 01 60 00 a5 04 8f 20 a4 00 6e 00 84 00 6e 00
0c 01 60 00 a5 0c 61 21 a0 00 60 00 02 00 00 00
0c 00 60 00 a5 0c a0 20 60 00 8d 00 02 00 00 00
0c 20 80 00 a5 0c 40 21 c0 00 8d 00 02 00 00 00
