24 80 60 00 00 1c 00 34 00 14 60 00 56 00 01 00
24 80 80 00 00 1c 00 34 00 14 60 00 56 00 01 00
24 81 60 00 00 1c 0f 34 04 14 6e 00 0e 00 01 00
