0:13(13): warning: `fooStruct' used uninitialized
