1a 01 60 00 00 90 1e 1f c8 81 05 39 b4 20 c7 16
1a 01 80 00 00 90 1e 05 c8 a1 02 39 50 20 87 1f
