22 00 61 00 20 0e 00 20 50 00 00 00 20 00 00 00
22 00 71 00 20 0e 00 20 40 00 00 00 10 00 00 00
22 00 91 00 20 0e 00 20 30 00 00 00 30 00 00 00
22 00 81 00 20 0e 00 20 20 00 00 00 20 00 00 00
22 00 a1 00 20 0e 00 20 10 00 00 00 10 00 00 00
