49 00 60 10 08 02 60 22 20 02 8d 06 ab aa aa aa
49 00 60 10 28 0a e0 22 20 02 8d 0e 56 55 55 55
49 10 60 10 08 02 40 26 e0 05 8d 06 ab aa aa aa
49 10 60 10 28 0a 40 27 e0 05 8d 0e 56 55 55 55
