04 00 80 00 28 0a 40 21 28 00 00 00 00 00 00 00
04 00 60 00 28 0a 80 20 00 01 8d 00 00 00 00 00
