30 00 00 00 04 00 00 32 00 12 00 38 00 00 8d 00
30 00 00 00 04 00 04 32 04 12 00 38 00 00 8d 00
30 00 00 00 04 00 08 32 08 12 00 38 00 00 8d 00
