07 00 80 00 08 02 40 21 20 00 00 02 24 00 00 00
07 00 60 00 08 02 80 20 b8 00 00 0a bc 40 00 00
