0:1(9): preprocessor warning: Macro names containing "__" are reserved for use by the implementation.

0:2(9): preprocessor error: Macro names starting with "GL_" are reserved.

0:3(9): preprocessor warning: Macro names containing "__" are reserved for use by the implementation.




