0:12(17): preprocessor error: division by 0 in preprocessor directive
 












