0:2(7): preprocessor error: syntax error, unexpected IDENTIFIER, expecting NEWLINE
0:1(6): preprocessor error: Unterminated #if


