0:1(14): preprocessor error: extra tokens at end of directive
0:4(14): preprocessor error: extra tokens at end of directive





