0:1(1): preprocessor error: #define without macro name
0:2(1): preprocessor error: #define without macro name
0:3(1): preprocessor error: #define without macro name
0:4(1): preprocessor error: #define without macro name
Errors expected because no macro name is ever given!
