43 01 60 80 be 03 8f 20 64 00 6e 00 00 00 00 00
43 01 60 00 bd 03 61 22 20 20 00 00 00 00 00 00
43 00 60 00 bd 03 80 21 c0 00 8d 00 00 00 00 00
43 00 80 00 bd 03 40 22 20 01 8d 00 00 00 00 00
43 00 60 00 be 03 20 20 20 01 8d 00 00 00 00 00
43 00 80 00 be 03 20 20 60 01 8d 00 00 00 00 00
