38 00 60 01 bd 73 e0 20 40 01 8d 00 00 00 8d 00
38 10 60 01 bd 73 a0 21 40 02 8d 00 00 00 8d 00
38 00 60 0a bd 77 00 22 e0 01 8d 00 c0 01 8d 00
38 10 60 0a bd 77 00 23 c0 02 8d 00 80 02 8d 00
38 00 60 07 bd 73 60 20 40 00 8d 00 00 00 8d 00
38 10 60 07 bd 73 a0 20 60 00 8d 00 00 00 8d 00
38 00 60 04 bd 73 00 22 e0 01 8d 00 00 00 8d 00
38 00 60 02 bd 73 a0 22 80 02 8d 00 00 00 8d 00
38 10 60 04 bd 73 60 21 60 00 8d 00 00 00 8d 00
38 10 60 02 bd 73 40 20 a0 01 8d 00 00 00 8d 00
38 00 60 06 bd 73 e0 22 c0 02 69 00 00 00 8d 00
38 00 60 03 bd 73 40 22 20 02 69 00 00 00 8d 00
38 10 60 03 bd 73 60 22 00 01 8d 00 00 00 8d 00
38 00 60 05 bd 73 e0 28 c0 08 69 00 00 00 8d 00
38 10 60 06 bd 73 c0 20 80 00 8d 00 00 00 8d 00
38 10 60 05 bd 73 60 20 a0 00 8d 00 00 00 8d 00
38 00 60 8a bd 77 80 20 e0 00 8d 00 a0 01 8d 00
38 10 60 8a bd 77 40 20 00 01 8d 00 c0 01 8d 00
38 00 60 84 bd 73 80 20 20 01 8d 00 00 00 8d 00
38 10 60 84 bd 73 40 20 c0 00 8d 00 00 00 8d 00
38 00 60 83 bd 73 40 20 a0 00 8d 00 00 00 8d 00
38 10 60 83 bd 73 60 20 00 01 8d 00 00 00 8d 00
38 00 60 0d 21 04 a0 25 80 05 8d 00 a0 01 8d 00
38 00 60 0c a5 14 80 26 60 06 8d 00 80 01 8d 00
38 10 60 0d 21 04 60 29 20 09 8d 00 e0 01 8d 00
38 10 60 0c a5 14 e0 2a a0 0a 8d 00 a0 01 8d 00
