06 01 60 00 21 0c af 23 20 01 60 00 14 00 00 00
06 01 60 00 21 1c 6f 25 84 05 6e 00 01 00 00 00
06 00 00 00 21 04 80 23 80 03 00 00 20 07 00 00
06 00 60 00 21 04 40 21 20 01 8d 00 00 01 8d 00
06 00 80 00 21 04 00 22 c0 01 8d 00 80 01 8d 00
06 02 00 00 21 0c 20 21 00 00 00 00 00 08 00 00
06 01 60 02 20 04 01 20 20 02 60 00 00 02 60 00
06 00 60 02 20 04 00 20 00 02 8d 00 20 02 8d 00
06 00 61 00 21 0c 40 22 40 02 8d 00 00 00 80 3f
06 00 80 02 20 04 00 20 80 03 8d 00 c0 03 8d 00
06 00 81 00 21 0c e0 23 e0 03 8d 00 00 00 80 3f
06 01 61 00 21 0c c1 22 c0 02 60 00 00 00 80 3f
06 00 60 02 21 04 00 21 80 00 8d 00 e0 00 8d 00
06 00 80 02 21 04 80 21 a0 00 8d 00 40 01 8d 00
06 01 60 00 21 04 81 20 20 07 60 00 00 07 60 00
