46 00 60 00 bd 03 c0 20 60 00 8d 00 00 00 00 00
46 00 80 00 bd 03 00 21 80 00 8d 00 00 00 00 00
