0:2(1): preprocessor error: Illegal non-directive after #


