0:18(9): preprocessor error: Redefinition of macro TWO

0:19(9): preprocessor error: Redefinition of macro FOUR

0:20(9): preprocessor error: Redefinition of macro SIX

 





 





 


 




