0:9(6): warning: `undefined' used uninitialized
0:17(6): warning: `undefined' used uninitialized
0:21(17): warning: `undefined' used uninitialized
