0:10(9): warning: `undefined' used uninitialized
0:16(13): warning: `undefined' used uninitialized
0:25(13): warning: `undefined' used uninitialized
