05 80 00 00 00 00 00 30 00 10 00 06 7f fb ff ff
05 80 00 00 00 00 00 30 00 10 00 06 7f ff ff ff
05 80 00 00 00 00 00 30 00 10 00 06 cf ff ff ff
05 80 00 00 00 00 00 30 00 10 00 06 ff fb ff ff
06 80 00 00 00 00 00 30 00 10 00 06 00 04 00 00
06 80 00 00 00 00 00 30 00 10 00 06 30 00 00 00
06 80 00 00 00 00 00 30 00 10 00 06 80 00 00 00
