1a 01 60 00 00 28 1e 17 c8 61 01 39 24 20 47 04
1a 11 60 00 00 28 1e 13 c8 11 01 39 6c 20 c7 01
