57 01 60 00 bd 77 61 24 44 04 65 00 44 04 65 00
57 05 60 00 bd 77 82 20 24 00 05 00 34 00 05 00
57 0d 60 00 bd 77 84 20 24 00 05 00 3e 00 0f 00
57 09 60 00 bd 77 88 20 24 00 05 00 44 00 05 00
