43 01 60 00 bd 03 61 22 20 20 00 00 00 00 00 00
43 01 60 80 bd 03 8f 2e c4 00 6e 00 00 00 00 00
43 00 60 00 bd 03 60 20 40 00 00 00 00 00 00 00
43 00 80 00 bd 03 60 20 40 00 00 00 00 00 00 00
