22 01 62 00 84 3c 0f 20 04 00 0e 00 02 00 0c 00
22 01 61 00 84 3c 0f 20 04 00 0e 00 0a 00 04 00
22 00 61 00 84 3c 00 20 00 00 00 00 08 00 02 00
22 00 81 00 84 3c 00 20 00 00 00 00 06 00 06 00
22 00 71 00 84 3c 00 20 00 00 00 00 04 00 04 00
22 00 91 00 84 3c 00 20 00 00 00 00 02 00 02 00
