02 01 61 00 21 04 ef 25 84 01 6e 00 a4 01 6e 00
02 01 71 00 21 0c 23 23 ae 01 6f 00 00 00 00 40
02 01 66 00 21 04 cf 23 a4 01 6e 00 84 01 6e 00
02 01 67 00 21 04 0f 22 04 01 6e 00 24 01 6e 00
02 00 61 00 21 04 40 20 e0 03 8d 00 40 04 8d 00
02 00 61 00 21 0c 80 2f 60 08 8d 00 00 00 80 3f
02 00 81 00 21 04 40 20 60 04 8d 00 20 05 8d 00
02 00 81 00 21 0c 00 2f 60 03 8d 00 00 00 80 3f
02 00 60 04 bd 7f 00 28 20 01 8d 00 00 00 00 00
02 00 71 00 21 0c 00 22 80 02 8d 00 00 00 00 00
02 00 80 04 bd 7f 20 22 60 00 8d 00 00 00 00 00
02 00 91 00 21 0c e0 22 a0 02 8d 00 00 00 00 00
02 01 60 05 a5 14 a7 21 c4 00 0a 00 ba 00 0a 00
02 01 60 04 bd 7f 62 20 e0 00 60 00 00 00 00 00
02 01 60 05 bd 7f 61 21 ef 00 6f 00 00 00 00 43
02 01 74 00 21 0c 64 20 c0 01 60 00 00 00 00 00
02 01 60 05 21 04 cf 21 c4 00 0e 00 d4 00 0e 00
02 01 62 00 21 0c 01 24 85 01 65 00 00 00 a8 41
02 01 72 00 21 0c 21 24 00 04 60 00 00 00 b8 41
02 00 60 04 bd 77 40 20 e0 20 8d 00 00 21 8d 00
02 00 80 04 bd 77 40 20 40 21 8d 00 80 21 8d 00
02 01 62 00 21 04 21 23 e5 02 65 00 e0 02 60 00
02 01 60 85 bd 7f 8f 2e 44 00 6e 00 00 00 00 3f
02 01 60 05 bd 77 a1 21 2f 00 0f 00 2a 00 0a 00
02 01 60 04 bd 77 a1 21 2f 00 0f 00 2a 00 0a 00
02 01 76 00 21 0c 61 28 e0 07 60 00 00 00 00 00
02 01 62 00 bd 77 21 22 ba 00 0a 00 ba 40 0a 00
02 00 60 05 bd 77 80 2f 4c 00 00 00 48 00 00 00
02 00 80 05 bd 77 00 2f 4c 00 00 00 48 00 00 00
02 01 60 04 a5 14 a7 21 c4 00 0a 00 ba 00 0a 00
02 01 60 04 21 04 a3 21 be 00 0f 00 c4 00 05 00
02 01 66 00 21 0c 21 22 00 01 60 00 01 00 00 00
02 01 60 04 a5 1c 81 21 ba 00 0a 00 ff ff ff ff
02 01 60 05 a5 1c c1 21 80 01 60 00 01 00 00 00
02 00 60 05 21 0c 60 20 44 00 00 00 01 00 00 00
02 00 80 05 21 0c 60 20 44 00 00 00 01 00 00 00
02 00 60 04 a5 1c 80 20 60 00 00 00 04 ff ff ff
02 00 60 05 a5 1c a0 20 80 00 8d 00 fe 00 00 00
02 00 80 04 a5 1c 80 20 60 00 00 00 04 ff ff ff
02 00 80 05 a5 1c c0 20 80 00 8d 00 fe 00 00 00
02 01 60 85 bd 77 8f 2e 24 00 0e 00 64 00 6e 00
02 00 60 05 bd 7f c0 20 60 00 8d 00 00 00 40 40
02 00 80 05 bd 7f 40 20 80 02 8d 00 00 00 40 40
02 01 61 00 bd 77 83 23 c4 20 05 00 be 00 0f 00
02 01 61 00 21 0c e3 23 44 01 65 00 00 00 80 3f
02 01 71 00 bd 7f c3 24 64 24 65 00 00 00 80 3f
02 01 60 05 21 0c a1 21 60 01 60 00 07 00 00 00
02 03 41 00 21 04 21 22 f0 01 60 04 e0 01 60 00
02 00 61 00 bd 77 20 27 4c 20 00 00 40 00 00 00
02 00 71 00 bd 7f a0 23 40 23 8d 00 00 00 80 3f
02 00 81 00 bd 77 00 21 4c 20 00 00 40 00 00 00
02 00 91 00 bd 7f e0 26 c0 21 8d 00 00 00 80 3f
02 01 72 00 bd 7f 01 24 a0 23 60 00 00 00 80 3f
02 01 60 84 bd 7f 8f 2e 24 03 6e 00 00 00 80 bf
02 00 60 85 bd 7f c0 25 a0 05 8d 00 00 00 00 3f
02 00 80 85 bd 7f 00 21 60 0a 8d 00 00 00 00 3f
