09 02 00 00 08 2d 00 22 00 02 00 00 02 00 02 00
09 02 00 00 21 0c 88 21 88 01 00 00 0c 00 00 00
09 01 60 00 a5 0c e1 2a 8a 00 0a 00 04 00 00 00
09 01 60 00 a5 04 a3 21 be 00 0f 00 c4 00 05 00
09 01 60 00 21 04 4f 2e 40 03 60 00 60 03 60 00
09 00 60 00 a5 0c 60 20 40 00 00 00 03 00 00 00
09 00 80 00 a5 0c 60 20 40 00 00 00 03 00 00 00
09 00 60 00 a5 04 a0 24 60 04 8d 00 b8 00 00 00
09 00 80 00 a5 04 80 28 e0 02 8d 00 f8 00 00 00
09 02 00 00 20 0c 00 22 80 02 00 00 08 00 00 00
09 03 60 00 21 04 61 27 40 07 60 00 20 07 60 00
09 00 60 00 21 0c c0 24 c0 04 8d 00 10 00 00 00
09 00 80 00 21 0c 80 29 80 09 8d 00 10 00 00 00
