30 03 00 00 00 70 01 32 00 12 00 00 04 00 6e 00
30 03 00 00 00 70 02 32 05 12 05 00 04 00 6e 00
30 03 00 00 00 70 04 32 0a 12 0a 00 04 00 6e 00
