07 01 60 00 21 04 c1 21 ba 00 0a 00 a0 01 60 00
07 00 60 00 21 04 e0 25 a0 05 8d 00 c0 05 8d 00
07 00 80 00 21 04 e0 2a 60 0a 8d 00 a0 0a 8d 00
07 00 60 00 21 0c 80 2f a0 00 8d 00 ff 03 00 00
07 00 80 00 21 0c 00 2f a0 01 8d 00 ff 03 00 00
