40 00 60 00 bd 1c 80 2f 20 01 8d 00 01 00 00 00
40 00 80 00 bd 1c 00 2f e0 01 8d 00 01 00 00 00
40 02 80 00 29 6d c0 20 28 00 28 00 10 10 00 11
40 00 80 00 29 6d 80 20 28 00 48 00 10 10 10 10
40 00 00 00 21 0c 70 21 60 01 00 00 01 00 00 00
40 01 60 00 bd 77 2f 22 c4 00 0e 00 f4 00 0e 00
40 02 00 00 28 2d 00 22 60 01 00 00 08 00 08 00
40 01 60 00 a5 14 cf 21 84 01 6e 00 34 40 0e 00
40 01 60 00 bd 7f 6f 20 44 02 6e 00 00 00 80 3e
40 02 00 00 a5 1c d0 2f f0 04 00 00 01 00 00 00
40 00 60 00 bd 77 c0 25 40 05 8d 00 90 40 00 00
40 00 80 00 bd 77 e0 26 e0 05 8d 00 d0 40 00 00
40 00 60 00 a5 14 20 22 e0 01 8d 00 ec 40 00 00
40 00 80 00 a5 14 60 2a e0 09 8d 00 2c 41 00 00
40 01 60 00 a5 1c 61 21 a0 00 60 00 40 00 00 00
40 02 00 00 21 04 0c 21 0c 00 00 00 e0 00 00 00
40 02 00 00 21 0c 40 20 40 00 00 00 01 00 00 00
40 00 60 00 bd 7f 00 21 40 00 8d 00 00 00 00 3f
40 00 80 00 bd 7f 20 21 40 00 8d 00 00 00 00 3f
40 00 60 00 28 2d 00 22 60 00 ae 00 40 00 40 00
40 10 60 00 28 2d 00 22 80 00 ae 00 40 00 40 00
40 05 60 00 bd 77 63 2e 44 00 05 00 04 01 65 00
40 05 60 00 a5 1c 41 2e 80 00 60 00 07 00 00 00
40 05 60 00 bd 7f 63 2e 44 01 65 00 00 00 00 3f
40 00 60 00 a5 1c 60 20 60 00 8d 00 0c 00 00 00
40 00 80 00 a5 1c a0 20 60 00 8d 00 0c 00 00 00
40 05 60 00 a5 14 47 2e 84 00 6a 00 e4 00 6a 00
40 01 60 00 bd 5f 6f 21 40 01 60 00 00 30 40 48
40 0d 60 00 a5 1c 84 2e 20 00 00 00 02 00 00 00
40 09 60 00 a5 1c a8 2e 20 00 00 00 07 00 00 00
40 0d 60 00 bd 77 62 20 a0 01 60 00 20 40 00 00
40 0d 60 00 bd 7f a4 2e 20 00 00 00 00 00 00 40
40 09 60 00 bd 7f 84 21 20 00 00 00 00 00 18 42
40 01 61 00 a5 1c 0f 22 04 42 6e 00 1f 00 00 00
40 01 60 00 21 0c 41 22 00 02 60 00 ff ff ff ff
40 05 60 00 bd 5f 63 2e a4 00 65 00 30 00 00 00
40 02 00 00 00 0c 00 22 00 02 00 00 00 02 00 00
40 00 60 00 29 25 62 40 62 00 ae 00 a0 01 ae 00
40 00 80 00 29 25 62 40 62 00 ae 00 a0 00 ae 00
40 00 60 00 21 24 00 22 a0 03 00 00 40 03 28 00
40 10 60 00 21 24 20 22 a0 03 00 00 44 03 28 00
40 01 60 00 39 67 c1 21 84 01 04 00 e4 00 04 00
40 01 60 80 bd 77 8f 2e 49 00 6c 00 44 40 6e 00
40 00 60 00 a1 0c 00 21 c0 00 8d 00 01 00 00 00
40 00 80 00 a1 0c 60 21 20 01 8d 00 01 00 00 00
40 00 61 00 a5 1c e0 20 e0 40 8d 00 1f 00 00 00
40 00 81 00 a5 1c 00 21 00 41 8d 00 1f 00 00 00
40 00 60 80 bd 77 e0 2f 40 00 00 00 50 00 00 00
40 00 80 80 bd 77 c0 2f 40 00 00 00 50 00 00 00
40 0d 60 00 a5 14 a3 2e c4 00 65 00 80 01 60 00
40 09 60 00 bd 77 62 2e 65 00 05 00 45 03 65 00
40 00 60 00 21 1c a0 21 60 01 8d 00 01 00 00 00
40 00 80 00 21 1c 60 22 00 02 8d 00 01 00 00 00
40 05 60 80 bd 7f 82 2e 2a 00 0a 00 00 00 00 3f
40 02 60 00 21 04 e0 20 40 00 8d 00 c0 40 8d 00
40 00 60 00 21 0c e0 20 60 00 8d 00 10 01 00 00
40 00 80 00 21 0c 00 23 80 00 8d 00 10 01 00 00
40 01 60 05 a5 14 c1 21 80 01 60 00 85 41 65 00
40 01 80 00 bd 77 2f 22 e4 41 64 00 ee 01 6e 00
40 01 60 80 bd 7f 8f 2e a0 00 60 00 00 00 80 bf
40 0d 60 80 bd 7f 82 2e 20 40 00 00 00 00 00 3f
40 09 60 80 bd 7f 88 2e 65 00 65 00 00 00 00 c0
40 12 00 00 21 0c 80 20 80 00 00 00 01 00 00 00
40 12 00 00 21 04 ec 22 0c 00 00 00 c0 02 00 00
40 01 60 02 a5 14 e1 21 2a 00 6a 00 20 00 60 00
