57 01 60 00 bd 77 01 23 e4 02 65 00 e4 02 65 00
57 05 60 00 bd 77 81 2e 25 00 05 00 25 00 05 00
57 0d 60 00 bd 77 86 2e 20 00 00 00 2e 00 0f 00
57 09 60 00 bd 77 88 2e 2d 00 0f 00 27 00 05 00
