14 00 60 00 3d 01 80 2f 40 00 ae 00 00 00 00 00
14 00 80 00 3d 01 00 2f 40 01 ae 00 00 00 00 00
