5c 01 60 00 00 00 1e 2a 00 90 02 39 50 20 c7 09
5c 01 80 00 00 00 1e 04 01 28 20 80 04 04 80 00
5c 01 60 80 00 00 1e 07 c8 a1 00 39 1a 20 07 04
5c 01 80 80 00 00 1e 12 c8 41 01 39 34 20 07 08
