49 00 60 10 21 0c 60 22 20 02 8d 00 ab aa aa aa
49 00 60 10 a5 1c 40 21 20 02 8d 00 56 55 55 55
49 10 60 10 21 0c e0 2a 80 0a 8d 00 ab aa aa aa
49 10 60 10 a5 1c e0 2b 80 0a 8d 00 56 55 55 55
49 01 60 10 a4 14 0f 20 24 00 0a 00 2f 00 0f 00
49 01 60 10 21 04 8f 21 24 01 6e 00 64 01 6e 00
49 00 60 10 21 04 80 21 80 00 8d 00 00 01 8d 00
49 10 60 10 21 04 a0 22 a0 00 8d 00 a0 01 8d 00
49 01 60 10 a5 14 ef 21 84 01 6e 00 c4 01 6e 00
49 01 60 10 21 0c e1 20 a0 00 60 00 ab aa aa aa
49 01 60 10 a5 1c e1 21 a0 00 60 00 56 55 55 55
49 01 60 10 a4 1c 0f 20 20 00 60 00 2c 2c 2c 2c
49 00 60 10 a5 14 a0 21 a0 00 8d 00 20 01 8d 00
49 10 60 10 a5 14 c0 22 c0 00 8d 00 c0 01 8d 00
