47 01 60 00 bd 03 01 21 20 00 00 00 00 00 00 00
47 00 60 00 bd 03 c0 26 60 05 8d 00 00 00 00 00
47 00 80 00 bd 03 40 2c e0 0b 8d 00 00 00 00 00
