07 01 60 00 21 04 c1 21 ba 00 0a 00 a0 01 60 00
07 00 60 00 21 04 80 20 40 00 00 00 60 00 8d 00
07 00 80 00 21 04 a0 20 40 00 00 00 60 00 8d 00
07 00 60 00 21 0c 80 2f a0 00 8d 00 ff 03 00 00
07 00 80 00 21 0c 00 2f a0 01 8d 00 ff 03 00 00
