28 00 91 00 00 1c 00 34 00 14 60 00 0a 00 00 00
28 00 80 00 00 1c 00 34 00 14 60 00 05 00 01 00
28 00 81 00 00 1c 00 34 00 14 60 00 8d 00 00 00
28 01 62 00 00 1c 0f 34 04 14 6e 00 10 00 00 00
28 01 60 00 00 1c 0f 34 04 14 6e 00 06 00 02 00
