57 01 60 00 bd 77 e1 20 e4 00 65 00 e4 00 65 00
57 01 60 00 be 77 a1 20 25 00 05 00 25 00 05 00
57 05 60 00 be 77 a6 20 20 00 00 00 2e 00 0f 00
57 09 60 00 be 77 a8 20 2d 00 0f 00 27 00 05 00
57 05 60 00 bd 77 82 20 24 00 05 00 34 00 05 00
57 0d 60 00 bd 77 84 20 24 00 05 00 3e 00 0f 00
57 09 60 00 bd 77 88 20 24 00 05 00 44 00 05 00
