41 20 80 00 be 77 60 30 40 01 8d 00 80 01 8d 00
41 01 60 00 bd 77 07 21 c4 00 6a 00 0f 01 6f 00
41 01 60 00 a1 7f 28 21 ef 00 6f 00 00 00 00 45
41 20 80 00 bd 77 c0 22 40 02 8d 00 80 02 8d 00
41 01 60 00 a5 14 01 21 00 01 60 00 a0 00 00 00
41 01 60 00 a5 1c 01 21 00 01 60 00 20 00 00 00
41 20 80 00 bd 7f c0 22 00 02 8d 00 00 00 80 41
41 20 80 00 be 7f 60 30 c0 00 8d 00 00 00 80 3b
41 05 60 00 be 7f a3 20 64 00 65 00 00 00 00 3f
41 01 60 00 bd 7f af 20 64 00 6e 00 00 00 80 37
41 20 80 80 be 77 40 20 c0 01 8d 00 c0 00 8d 00
41 01 60 00 a4 14 0f 24 20 00 00 00 25 00 05 00
41 01 60 00 be 7f af 20 64 00 6e 00 00 00 00 3f
41 20 80 00 a5 14 80 20 c0 00 8d 00 40 00 00 00
41 20 80 80 bd 77 40 22 00 02 8d 00 c0 01 8d 00
41 00 60 00 bd 77 80 20 80 00 8d 00 e0 06 8d 00
41 09 60 00 a1 7f 48 23 af 03 6f 00 00 00 00 45
41 01 60 00 bd 5f 47 20 4f 00 6f 00 30 48 40 40
41 20 80 00 25 15 80 20 40 00 00 00 48 00 00 00
41 01 60 80 bd 77 c7 20 c4 00 6a 00 e0 00 60 00
41 01 60 80 be 7f af 20 c4 00 6e 00 00 00 80 3b
41 05 60 80 be 7f a7 20 64 00 6a 00 00 00 00 3f
41 20 80 03 bc 77 00 20 40 01 8d 00 80 01 8d 00
41 01 60 05 bc 77 01 20 2a 00 0a 00 25 00 05 00
41 20 80 05 bc 77 00 20 48 00 00 00 44 00 00 00
41 20 80 05 bd 77 c0 21 40 01 8d 00 80 01 8d 00
41 09 60 00 be 7f a3 20 64 00 65 00 00 00 00 3f
41 20 80 02 bd 77 00 22 40 01 8d 00 80 01 8d 00
41 05 60 80 be 77 c7 20 00 04 60 00 c4 03 6a 00
41 20 80 02 bd 7f c0 20 80 00 8d 00 00 80 80 3f
41 01 60 80 be 77 a3 20 2b 00 0a 00 6b 00 6a 00
41 01 60 80 be 5f af 20 84 00 6e 00 30 30 30 20
41 01 60 00 be 5f af 20 64 00 6e 00 54 54 30 20
41 05 60 00 be 77 c7 20 84 01 6a 00 a0 01 60 00
41 05 60 00 be 5f a7 20 64 00 6a 00 20 20 30 30
41 0d 60 00 be 7f a4 20 6a 00 6a 00 00 00 00 3f
41 01 60 00 be 77 af 20 64 00 6e 00 20 00 00 00
