55 01 60 00 be 77 a1 20 84 00 62 00 a4 00 6e 00
55 01 60 80 be 77 af 20 24 00 02 00 64 00 6e 00
55 05 60 00 bd 77 a1 20 84 00 62 00 24 00 0e 00
55 0d 60 00 bd 77 a2 20 84 00 62 00 34 00 0e 00
55 09 60 00 bd 77 c8 20 a4 00 62 00 54 00 0e 00
