59 20 80 00 bc 77 00 20 70 00 00 00 c0 00 8d 00
59 00 60 00 bc 77 00 20 90 00 00 00 a0 04 8d 00
