48 20 80 00 bd 77 40 21 74 00 00 00 00 01 8d 00
48 00 60 00 bd 77 e0 24 94 00 00 00 c0 04 8d 00
48 20 80 00 be 77 60 21 e4 00 00 00 40 01 8d 00
