06 01 61 00 21 0c 28 21 2f 01 6f 00 40 00 00 00
06 01 60 00 21 04 a1 21 a0 01 60 00 c0 01 60 00
06 00 60 00 21 04 60 20 60 00 8d 00 a0 00 8d 00
06 20 80 00 21 04 80 21 c0 01 8d 00 80 02 8d 00
06 20 81 00 21 0c 80 21 80 01 8d 00 00 00 80 3f
06 09 60 00 21 04 08 21 60 01 60 00 80 01 60 00
